../Core/Src/main.c:161:6:CAN_ByteTransmit	2
../Core/Src/main.c:185:6:LED_BlinkStart	1
../Core/Src/main.c:197:6:LED_BlinkUpdate	3
../Core/Src/main.c:214:6:showFloor	4
../Core/Src/main.c:236:6:CAN_ProcessReceive	2
../Core/Src/main.c:249:9:PB_Process	5
../Core/Src/main.c:320:5:main	5
../Core/Src/main.c:414:6:SystemClock_Config	4
../Core/Src/main.c:461:13:MX_CAN_Init	5
../Core/Src/main.c:539:13:MX_USART2_UART_Init	2
../Core/Src/main.c:574:13:MX_GPIO_Init	1
../Core/Src/main.c:648:6:HAL_CAN_RxFifo0MsgPendingCallback	2
../Core/Src/main.c:667:6:HAL_GPIO_EXTI_Callback	5
../Core/Src/main.c:695:6:Error_Handler	1
