../Core/Src/main.c:164:6:CAN_ByteTransmit	16	static
../Core/Src/main.c:188:6:LED_BlinkStart	16	static
../Core/Src/main.c:200:6:LED_BlinkUpdate	16	static
../Core/Src/main.c:217:6:showFloor	8	static
../Core/Src/main.c:239:6:CAN_ProcessReceive	4	static
../Core/Src/main.c:252:9:PB_Process	16	static
../Core/Src/main.c:315:6:doorSwitch	4	static
../Core/Src/main.c:350:5:main	16	static
../Core/Src/main.c:445:6:SystemClock_Config	160	static
../Core/Src/main.c:492:13:MX_CAN_Init	48	static
../Core/Src/main.c:570:13:MX_USART2_UART_Init	8	static
../Core/Src/main.c:605:13:MX_GPIO_Init	40	static
../Core/Src/main.c:679:6:HAL_CAN_RxFifo0MsgPendingCallback	16	static
../Core/Src/main.c:698:6:HAL_GPIO_EXTI_Callback	16	static
../Core/Src/main.c:726:6:Error_Handler	4	static,ignoring_inline_asm
