../Core/Src/main.c:144:6:CAN_ByteTransmit	16	static
../Core/Src/main.c:166:6:blinkLED	24	static
../Core/Src/main.c:175:6:showFloor	8	static
../Core/Src/main.c:197:6:CAN_ProcessReceive	4	static
../Core/Src/main.c:210:6:PB_Process	16	static
../Core/Src/main.c:275:5:main	16	static
../Core/Src/main.c:349:6:SystemClock_Config	160	static
../Core/Src/main.c:396:13:MX_CAN_Init	48	static
../Core/Src/main.c:474:13:MX_USART2_UART_Init	8	static
../Core/Src/main.c:509:13:MX_GPIO_Init	40	static
../Core/Src/main.c:577:6:HAL_CAN_RxFifo0MsgPendingCallback	16	static
../Core/Src/main.c:596:6:HAL_GPIO_EXTI_Callback	16	static
../Core/Src/main.c:624:6:Error_Handler	4	static,ignoring_inline_asm
